<html>
<head>
<title>S.C.D Assignment 1</title>
<body>
<h1>Add files and chang to the repository:</h1>

<h3>Git Bash Code Add files comit changes to the repository</h3>
<p>dj@SHARJEEL-PC MINGW64 ~
$ cd Desktop
dj@SHARJEEL-PC MINGW64 ~/Desktop
$ cd SCD_LAB4
bash: cd: SCD_LAB4: No such file or directory
dj@SHARJEEL-PC MINGW64 ~/Desktop
$ cd Scd
bash: cd: Scd: No such file or directory
dj@SHARJEEL-PC MINGW64 ~/Desktop
$ mkdir Scd
dj@SHARJEEL-PC MINGW64 ~/Desktop
$ cd Scd
dj@SHARJEEL-PC MINGW64 ~/Desktop/Scd
$ git config --global user.name "M SHARJEEL JAVAID"
dj@SHARJEEL-PC MINGW64 ~/Desktop/Scd
$ git config --global user.email "70082845@student.uol.edu.pk"
>
> git config --global user.na".email.email "70082845@student.uol.edu.pk"
error: invalid key (newline): user.na.email.email 70082845@student.uol.edu.pk
git config --global user.na.email.email
dj@SHARJEEL-PC MINGW64 ~/Desktop/Scd
$ git config --global user.na".email.email "70082845@student.uol.edu.pk"
dj@SHARJEEL-PC MINGW64 ~/Desktop/Scd
$ git status
fatal: not a git repository (or any of the parent directories): .git
dj@SHARJEEL-PC MINGW64 ~/Desktop/Scd
$ git add "new.text"
fatal: not a git repository (or any of the parent directories): .git
dj@SHARJEEL-PC MINGW64 ~/Desktop/Scd
$ cd -
/c/Users/dj/Desktop

dj@SHARJEEL-PC MINGW64 ~/Desktop
$ cd Git
bash: cd: Git: No such file or directory
dj@SHARJEEL-PC MINGW64 ~/Desktop
$ cd Scd
dj@SHARJEEL-PC MINGW64 ~/Desktop/Scd
$ git init
Initialized empty Git repository in C:/Users/dj/Desktop/Scd/.git/
dj@SHARJEEL-PC MINGW64 ~/Desktop/Scd (master)
$ git add "new.text"
fatal: pathspec 'new.text' did not match any files
dj@SHARJEEL-PC MINGW64 ~/Desktop/Scd (master)
$ touch newfile.text
dj@SHARJEEL-PC MINGW64 ~/Desktop/Scd (master)
$ git add "newfile.text"
dj@SHARJEEL-PC MINGW64 ~/Desktop/Scd (master)
$ git status
On branch master
Aborting commit due to empty commit message.
dj@SHARJEEL-PC MINGW64 ~/Desktop/Scd (master)
$ git commit -m "This is my new file"
[master (root-commit) ff82c5e] This is my new file
1 file changed, 0 insertions(+), 0 deletions(-)
create mode 100644 newfile.text
dj@SHARJEEL-PC MINGW64 ~/Desktop/Scd (master)
dj@SHARJEEL-PC MINGW64 ~/Desktop/Scd (master)
$ git remote add origin https://github.com/Shurjeel1/lab4.git
dj@SHARJEEL-PC MINGW64 ~/Desktop/Scd (master)
$ git push origin main
error: src refspec main does not match any
error: failed to push some refs to 'https://github.com/Shurjeel1/lab4.git'
dj@SHARJEEL-PC MINGW64 ~/Desktop/Scd (master)
$ git config --global user.name "Shurjeel1"

dj@SHARJEEL-PC MINGW64 ~/Desktop/Scd (master)
$ git config --global user.na".email.email "70082845@student.uol.edu.pk
dj@SHARJEEL-PC MINGW64 ~/Desktop/Scd (master)
$ git remote add origin https://github.com/Shurjeel1/lab4.git
error: remote origin already exists.
dj@SHARJEEL-PC MINGW64 ~/Desktop/Scd (master)
$ git push origin main
error: src refspec main does not match any
error: failed to push some refs to 'https://github.com/Shurjeel1/lab4.git'
dj@SHARJEEL-PC MINGW64 ~/Desktop/Scd (master)
$ git pull origin main
fatal: couldn't find remote ref main
dj@SHARJEEL-PC MINGW64 ~/Desktop/Scd (master)
$ git remote set-url origin https://github.com/Shurjeel1/lab4.git
dj@SHARJEEL-PC MINGW64 ~/Desktop/Scd (master)
$ git push origin main
error: src refspec main does not match any
error: failed to push some refs to 'https://github.com/Shurjeel1/lab4.git'
dj@SHARJEEL-PC MINGW64 ~/Desktop/Scd (master)
$ git pull origin main
fatal: couldn't find remote ref main
dj@SHARJEEL-PC MINGW64 ~/Desktop/Scd (master)
$ git push -u origin main
error: src refspec main does not match any
error: failed to push some refs to 'https://github.com/Shurjeel1/lab4.git'
dj@SHARJEEL-PC MINGW64 ~/Desktop/Scd (master)
$ git push -u origin main ~
fatal: invalid refspec 'C:/Users/dj'
dj@SHARJEEL-PC MINGW64 ~/Desktop/Scd (master)
$

dj@SHARJEEL-PC MINGW64 ~/Desktop/Scd (master)
$

dj@SHARJEEL-PC MINGW64 ~/Desktop/Scd (master)
$
dj@SHARJEEL-PC MINGW64 ~/Desktop/Scd (master)
$ git push -u origin main
error: src refspec main does not match any
error: failed to push some refs to 'https://github.com/Shurjeel1/lab4.git'
dj@SHARJEEL-PC MINGW64 ~/Desktop/Scd (master)
$ git pull --rebase origin main
fatal: couldn't find remote ref main
dj@SHARJEEL-PC MINGW64 ~/Desktop/Scd (master)
$ git push origin main
error: src refspec main does not match any
error: failed to push some refs to 'https://github.com/Shurjeel1/lab4.git'
dj@SHARJEEL-PC MINGW64 ~/Desktop/Scd (master)
$ ^C
dj@SHARJEEL-PC MINGW64 ~/Desktop/Scd (master)
$ git config --global user.name"Shurjeel1"
dj@SHARJEEL-PC MINGW64 ~/Desktop/Scd (master)
$ git config --global user.email"70082845@student.uol.edu.pk"
dj@SHARJEEL-PC MINGW64 ~/Desktop/Scd (master)
$ git commit -m "New Version"
On branch master
nothing to commit, working tree clean
dj@SHARJEEL-PC MINGW64 ~/Desktop/Scd (master)
$ git log
commit ff82c5ef286c199e8fbe621700f07cbeb78749c2 (HEAD -> master)
Author: <U+0096>M SHARJEEL JAVAID <[70082845@student.uol.edu.pk]>
Date: Thu Mar 9 13:08:37 2023 +0500
This is my new file
dj@SHARJEEL-PC MINGW64 ~/Desktop/Scd (master)
$ git remote add origin https://github.com/Shurjeel1/lab4.git
error: remote origin already exists.

dj@SHARJEEL-PC MINGW64 ~/Desktop/Scd (master)
$ git push
fatal: The current branch master has no upstream branch.
To push the current branch and set the remote as upstream, use
git push --set-upstream origin master
To have this happen automatically for branches without a tracking
upstream, see 'push.autoSetupRemote' in 'git help config'.

dj@SHARJEEL-PC MINGW64 ~/Desktop/Scd (master)
$ git push --set-upstream origin master

Enumerating objects: 3, done.
Counting objects: 100% (3/3), done.
Writing objects: 100% (3/3), 250 bytes | 250.00 KiB/s, done.
Total 3 (delta 0), reused 0 (delta 0), pack-reused 0
To https://github.com/Shurjeel1/lab4.git
* [new branch] master -> master
branch 'master' set up to track 'origin/master'.</p>
<body>
</head>
</html>
